// Jest Snapshot v1, https://goo.gl/fbAQLP

exports[`Component > Modification > ConvertToFrequency renders correctly 1`] = `
<div>
  <div>
    <div
      className="form-group"
    >
      <label
        htmlFor="Feed"
      >
        Select feed and routes
      </label>
      <div
        className="Select has-value is-searchable Select--single"
      >
        <input
          disabled={false}
          name="Feed"
          type="hidden"
          value="1"
        />
        <div
          className="Select-control"
          onKeyDown={[Function]}
          onMouseDown={[Function]}
          onTouchEnd={[Function]}
          onTouchMove={[Function]}
          onTouchStart={[Function]}
        >
          <div
            className="Select-multi-value-wrapper"
            id="react-select-2--value"
          >
            <div
              className="Select-value"
            >
              <span
                aria-selected="true"
                className="Select-value-label"
                id="react-select-2--value-item"
                role="option"
              >
                1
              </span>
            </div>
          </div>
          <span
            className="Select-arrow-zone"
            onMouseDown={[Function]}
          >
            <span
              className="Select-arrow"
              onMouseDown={[Function]}
            />
          </span>
        </div>
      </div>
    </div>
    <div
      className="form-group"
    >
      <div
        className="Select is-disabled is-searchable Select--single"
      >
        <div
          className="Select-control"
          onKeyDown={[Function]}
          onMouseDown={[Function]}
          onTouchEnd={[Function]}
          onTouchMove={[Function]}
          onTouchStart={[Function]}
        >
          <div
            className="Select-multi-value-wrapper"
            id="react-select-3--value"
          >
            <div
              className="Select-placeholder"
            >
              All routes selected
            </div>
            <div
              aria-activedescendant="react-select-3--value"
              aria-disabled="true"
              aria-expanded={false}
              aria-owns=""
              className="Select-input"
              onBlur={[Function]}
              onFocus={[Function]}
              role="combobox"
              style={
                Object {
                  "border": 0,
                  "display": "inline-block",
                  "width": 1,
                }
              }
              tabIndex={0}
            />
          </div>
          <span
            className="Select-arrow-zone"
            onMouseDown={[Function]}
          >
            <span
              className="Select-arrow"
              onMouseDown={[Function]}
            />
          </span>
        </div>
      </div>
    </div>
  </div>
  <div
    className="checkbox"
  >
    <label
      htmlFor="retain-existing-scheduled-trips-at-times-without-new-frequencies-specified-input-0"
    >
      <input
        id="retain-existing-scheduled-trips-at-times-without-new-frequencies-specified-input-0"
        onChange={[Function]}
        type="checkbox"
      />
       
      Retain existing scheduled trips at times without new frequencies specified
    </label>
  </div>
  <p>
    <a
      className="btn btn-success btn-block"
      href="#"
      onClick={[Function]}
      tabIndex={0}
    >
      <i
        className="fa fa-plus fa-fw "
      />
       Add frequency entry
    </a>
  </p>
</div>
`;
