// Jest Snapshot v1, https://goo.gl/fbAQLP

exports[`Component > Modification > ModificationsList renders correctly 1`] = `
<div>
  <div
    className="ApplicationDockTitle"
  >
    <i
      className="fa fa-pencil fa-fw "
    />
     Modifications
    <a
      className="pull-right"
      onClick={[Function]}
      tabIndex={0}
      title="Create a new modification"
    >
      <i
        className="fa fa-plus fa-fw "
      />
    </a>
    <a
      className="ShowOnMap pull-right active fa-btn"
      onClick={[Function]}
      tabIndex={0}
      title="Toggle all modifications map display"
    >
      <i
        className="fa fa-eye fa-fw "
      />
    </a>
    <a
      className="pull-right"
      onClick={[Function]}
      style={Object {}}
      title="Import modifications from another scenario"
    >
      <i
        className="fa fa-download fa-fw "
      />
    </a>
  </div>
  <div
    className="InnerDock"
  >
    <div>
      <div
        className="DockTitle"
      >
        <i
          className="fa fa-clone fa-fw "
        />
         Variants
        <a
          className="pull-right"
          onClick={[Function]}
          tabIndex={0}
        >
          <i
            className="fa fa-plus fa-fw "
          />
        </a>
      </div>
      <div
        className="Variants"
      >
        <div
          className="Variant"
        >
          Default
          <a
            className="pull-right"
            onClick={[Function]}
            tabIndex={0}
            title="Show modifications for this variant on the map"
          >
            <i
              className="fa fa-eye fa-fw "
            />
          </a>
          <a
            className="pull-right"
            onClick={[Function]}
            tabIndex={0}
            title="Edit this variant name"
          >
            <i
              className="fa fa-pencil fa-fw "
            />
          </a>
        </div>
      </div>
    </div>
    <br />
    <div
      className="block"
    >
      <div
        className="form-group"
      >
        <input
          aria-label="Search modifications"
          className="form-control"
          id="search-modifications-input-0"
          name="Search modifications"
          onChange={[Function]}
          placeholder="Search modifications"
          type="text"
          value=""
        />
      </div>
      <a
        className="btn btn-success btn-block"
        href="#"
        onClick={[Function]}
        tabIndex={0}
      >
        <i
          className="fa fa-plus fa-fw "
        />
         Create your first modification
      </a>
    </div>
  </div>
</div>
`;
