exports[`Component > Modification > Reroute renders correctly 1`] = `
<div>
  <div>
    <div>
      <div
        className="form-group">
        <div
          className="Select Select--single is-searchable"
          style={undefined}>
          <div
            className="Select-control"
            onKeyDown={[Function]}
            onMouseDown={[Function]}
            onTouchEnd={[Function]}
            onTouchMove={[Function]}
            onTouchStart={[Function]}
            style={undefined}>
            <span
              className="Select-multi-value-wrapper"
              id="react-select-2--value">
              <div
                className="Select-placeholder">
                Select feed
              </div>
            </span>
            <span
              className="Select-arrow-zone"
              onMouseDown={[Function]}>
              <span
                className="Select-arrow"
                onMouseDown={[Function]} />
            </span>
          </div>
        </div>
      </div>
    </div>
  </div>
  <div>
    <a
      className="btn btn-warning btn-block"
      href="#"
      onClick={[Function]}
      target={undefined}>
      <i
        className="fa fa-stop-circle fa-fw " />
       
      Stop editing
    </a>
    <div
      className="checkbox">
      <label>
        <input
          defaultChecked={true}
          onChange={[Function]}
          type="checkbox" />
         
        Create stops automatically
      </label>
    </div>
    <div
      className="form-group">
      <label>
        Stop spacing
      </label>
      <div
        className="InputWithUnits">
        <input
          className="form-control"
          min={0}
          name={undefined}
          onChange={[Function]}
          placeholder="meters"
          type="number"
          value={400} />
        <span
          className="InputUnits">
          meters
        </span>
      </div>
    </div>
    <div
      className="checkbox">
      <label>
        <input
          checked={undefined}
          onChange={[Function]}
          type="checkbox" />
         
        Bidirectional
      </label>
    </div>
    <div
      className="checkbox">
      <label>
        <input
          defaultChecked={true}
          onChange={[Function]}
          type="checkbox" />
         
        Extend from end
      </label>
    </div>
    <div
      className="checkbox">
      <label>
        <input
          defaultChecked={undefined}
          onChange={[Function]}
          type="checkbox" />
         
        Follow streets
      </label>
    </div>
  </div>
  <div>
    <div
      className="form-group">
      <label>
        Dwell time
      </label>
      <div
        className="InputWithUnits">
        <input
          className="form-control"
          min={0}
          name={undefined}
          onChange={[Function]}
          placeholder="seconds"
          type="number"
          value={0} />
        <span
          className="InputUnits">
          seconds
        </span>
      </div>
    </div>
    <div
      className="form-group">
      <label>
        Average segment speed
      </label>
      <div
        className="InputWithUnits">
        <input
          className="form-control"
          min={1}
          name={undefined}
          onChange={[Function]}
          placeholder="km/h"
          type="number"
          value={15} />
        <span
          className="InputUnits">
          km/h
        </span>
      </div>
    </div>
    <div
      className="form-group">
      <label>
        Total travel time
      </label>
      <div
        className="InputWithUnits">
        <input
          className="form-control"
          min={1}
          name={undefined}
          onChange={[Function]}
          placeholder="minutes"
          type="number"
          value={0} />
        <span
          className="InputUnits">
          minutes
        </span>
      </div>
    </div>
    <div>
      <div
        aria-level={3}
        role="heading">
        <div
          aria-expanded={false}
          onClick={[Function]}
          role="button"
          style={
            Object {
              "cursor": "pointer",
              "paddingBottom": "12px",
            }
          }>
          <i
            className="fa fa-caret-right fa-fw " />
          <strong>
            Set individual segment speeds
          </strong>
        </div>
      </div>
    </div>
  </div>
</div>
`;
