// Jest Snapshot v1, https://goo.gl/fbAQLP

exports[`Component > SelectFeedAndRoutes renders correctly 1`] = `
<div>
  <div
    className="form-group"
  >
    <label
      htmlFor="Feed"
    >
      Select feed and routes
    </label>
    <div
      className="Select is-searchable Select--single"
    >
      <div
        className="Select-control"
        onKeyDown={[Function]}
        onMouseDown={[Function]}
        onTouchEnd={[Function]}
        onTouchMove={[Function]}
        onTouchStart={[Function]}
      >
        <div
          className="Select-multi-value-wrapper"
          id="react-select-2--value"
        >
          <div
            className="Select-placeholder"
          >
            Select feed
          </div>
        </div>
        <span
          className="Select-arrow-zone"
          onMouseDown={[Function]}
        >
          <span
            className="Select-arrow"
            onMouseDown={[Function]}
          />
        </span>
      </div>
    </div>
  </div>
</div>
`;
