// Jest Snapshot v1, https://goo.gl/fbAQLP

exports[`Component > Modification > Project renders correctly 1`] = `
<div
  className="ModificationTitle active"
>
  <a
    onClick={[Function]}
    tabIndex={0}
    title="Edit Modification"
  >
    Test Modification
  </a>
  <a
    className="ShowOnMap pull-right active fa-btn"
    onClick={[Function]}
    tabIndex={0}
    title="Toggle map display"
  >
    <i
      className="fa fa-eye fa-fw "
    />
  </a>
</div>
`;
