exports[`Scenario-Map > FontawesomeIcon renders correctly 1`] = `
FontawesomeIcon {
  "_initHooksCalled": true,
  "options": Object {
    "className": "FontawesomeIcon",
    "html": "<i class=\"fa fa-pencil\" style=\"font-size: 24px; color: #000\"></i>",
    "iconSize": Object {
      "x": 24,
      "y": 24,
    },
  },
}
`;
