exports[`Component > ImportShapefile renders correctly 1`] = `
<ImportShapefile
  close={[Function]}
  scenarioId="1"
  setModification={[Function]}
  variants={Array []}>
  <pure(Panel)>
    <div
      className="panel panel-default">
      <pure(Heading)>
        <div
          className="panel-heading clearfix ">
          Import Shapefile
        </div>
      </pure(Heading)>
      <pure(Body)>
        <div
          className="panel-body">
          <pure(Component)
            label="Select Shapefile (zipped):"
            onChange={[Function]}>
            <Group
              label="Select Shapefile (zipped):"
              onChange={[Function]}>
              <div
                className="form-group">
                <label>
                  Select Shapefile (zipped):
                </label>
                <pure(Component)
                  label="Select Shapefile (zipped):"
                  onChange={[Function]}
                  type="file">
                  <input
                    className="form-control"
                    defaultValue={undefined}
                    name={undefined}
                    onChange={[Function]}
                    placeholder="Select Shapefile (zipped):"
                    type="file"
                    value={undefined} />
                </pure(Component)>
              </div>
            </Group>
          </pure(Component)>
          <pure(Component)
            block={true}
            disabled={true}
            onClick={[Function]}
            style="success">
            <a
              className="btn btn-success btn-block"
              disabled={true}
              href="#"
              onClick={[Function]}
              target={undefined}>
              Import
            </a>
          </pure(Component)>
          <pure(Component)
            block={true}
            onClick={[Function]}
            style="danger">
            <a
              className="btn btn-danger btn-block"
              href="#"
              onClick={[Function]}
              target={undefined}>
              Cancel
            </a>
          </pure(Component)>
        </div>
      </pure(Body)>
    </div>
  </pure(Panel)>
</ImportShapefile>
`;
