exports[`Component > Modal renders correctly 1`] = `
<CommonModal
  onRequestClose={[Function]}>
  <Modal
    ariaHideApp={true}
    closeTimeoutMS={0}
    isOpen={true}
    onRequestClose={[Function]}
    portalClassName="ReactModalPortal"
    shouldCloseOnOverlayClick={true}
    style={
      Object {
        "overlay": Object {
          "zIndex": 2500,
        },
      }
    }>
    <noscript />
  </Modal>
</CommonModal>
`;
