exports[`Scenario-Map > AdjustSpeedLayer renders correctly 1`] = `
<div
  className={undefined}
  id="map1"
  style={undefined}>
  <g>
    <g
      data={
        Object {
          "features": Array [
            Object {
              "geometry": Object {
                "coordinates": Array [
                  Array [
                    -122.0246,
                    36.9707,
                  ],
                  Array [
                    -122.0279,
                    37.049,
                  ],
                  Array [
                    -121.9799,
                    37.2299,
                  ],
                  Array [
                    -121.9445,
                    37.324,
                  ],
                  Array [
                    -121.936,
                    37.353,
                  ],
                  Array [
                    -121.924,
                    37.365,
                  ],
                ],
                "type": "LineString",
              },
              "type": "Feature",
            },
          ],
          "type": "FeatureCollection",
        }
      }
      type="GeoJson" />
  </g>
</div>
`;
