// Jest Snapshot v1, https://goo.gl/fbAQLP

exports[`Container > Application renders correctly 1`] = `
<div
  id="editor"
>
  <div
    className="Fullscreen  "
  >
    <div
      className={undefined}
      id="map1"
      style={undefined}
    />
  </div>
  <div
    className="ApplicationDock "
  >
    <div
      className="ApplicationTitle"
    >
      <a
        className="logo"
        onClick={[Function]}
        style={Object {}}
      >
        analysis 
      </a>
      <span
        className="badge"
      >
        beta
      </span>
      <div
        className="pull-right"
      >
        <a
          className="HelpLink"
          href="http://docs.analysis.conveyal.com/"
          target="_blank"
        >
          help
        </a>
         
        <a
          className="btn btn-default btn-xs"
          href="#"
          onClick={[Function]}
          tabIndex={0}
          target={undefined}
        >
          Log in
        </a>
      </div>
      <div
        className="LoggedInAs"
      >
        Logged in as undefined
      </div>
    </div>
    <div
      className="InnerDock"
    />
  </div>
</div>
`;
