// Jest Snapshot v1, https://goo.gl/fbAQLP

exports[`Containers > Bookmark Chooser should render correctly 1`] = `
<Provider
  store={
    Object {
      "clearActions": [Function],
      "dispatch": [Function],
      "getActions": [Function],
      "getState": [Function],
      "replaceReducer": [Function],
      "subscribe": [Function],
    }
  }
>
  <Connect(BookmarkChooser)>
    <BookmarkChooser
      bookmarkData={
        Object {
          "opportunityDataset": undefined,
          "profileRequest": Object {
            "accessModes": "WALK",
            "bikeSafe": 1,
            "bikeSlope": 1,
            "bikeSpeed": 4.166666666666667,
            "bikeTime": 1,
            "date": "2016-01-16",
            "directModes": "WALK",
            "egressModes": "WALK",
            "fromLat": undefined,
            "fromLon": undefined,
            "fromTime": 25200,
            "maxRides": 4,
            "maxTripDurationMinutes": 60,
            "monteCarloDraws": 200,
            "reachabilityThreshold": 0,
            "toTime": 32400,
            "transitModes": "BUS,TRAM,RAIL,SUBWAY",
            "travelTimePercentile": 50,
            "walkSpeed": 1.3888888888888888,
          },
          "regionId": "1",
        }
      }
      createBookmark={[Function]}
      disabled={false}
      fetchTravelTimeSurface={[Function]}
      selectBookmark={[Function]}
    >
      <Group
        label="Bookmark"
      >
        <div
          className="form-group"
        >
          <label
            htmlFor="bookmark-input-0"
          >
            Bookmark
          </label>
          <div
            className="row"
          >
            <div
              className="col-xs-6"
            >
              <Select
                addLabelText="Add \\"{label}\\"?"
                arrowRenderer={[Function]}
                autosize={true}
                backspaceRemoves={true}
                backspaceToRemoveMessage="Press backspace to remove {label}"
                clearAllText="Clear all"
                clearRenderer={[Function]}
                clearValueText="Clear value"
                clearable={false}
                deleteRemoves={true}
                delimiter=","
                disabled={false}
                escapeClearsValue={true}
                filterOptions={[Function]}
                ignoreAccents={true}
                ignoreCase={true}
                inputProps={Object {}}
                isLoading={false}
                joinValues={false}
                labelKey="label"
                matchPos="any"
                matchProp="any"
                menuBuffer={0}
                menuRenderer={[Function]}
                multi={false}
                noResultsText="No results found"
                onBlurResetsInput={true}
                onChange={[Function]}
                onCloseResetsInput={true}
                optionComponent={[Function]}
                options={Array []}
                pageSize={5}
                placeholder="Select..."
                required={false}
                scrollMenuIntoView={true}
                searchable={true}
                simpleValue={false}
                tabSelectsValue={true}
                valueComponent={[Function]}
                valueKey="value"
              >
                <div
                  className="Select Select--single is-searchable"
                >
                  <div
                    className="Select-control"
                    onKeyDown={[Function]}
                    onMouseDown={[Function]}
                    onTouchEnd={[Function]}
                    onTouchMove={[Function]}
                    onTouchStart={[Function]}
                  >
                    <span
                      className="Select-multi-value-wrapper"
                      id="react-select-2--value"
                    >
                      <div
                        className="Select-placeholder"
                      >
                        Select...
                      </div>
                      <mockConstructor
                        aria-activedescendant="react-select-2--value"
                        aria-expanded="false"
                        aria-haspopup="false"
                        aria-owns=""
                        className="Select-input"
                        minWidth="5"
                        onBlur={[Function]}
                        onChange={[Function]}
                        onFocus={[Function]}
                        required={false}
                        role="combobox"
                        value=""
                      />
                    </span>
                    <span
                      className="Select-arrow-zone"
                      onMouseDown={[Function]}
                    >
                      <span
                        className="Select-arrow"
                        onMouseDown={[Function]}
                      />
                    </span>
                  </div>
                </div>
              </Select>
            </div>
            <div
              className="col-xs-6"
            >
              <Button
                block={true}
                disabled={false}
                onClick={[Function]}
                style="success"
              >
                <a
                  className="btn btn-success btn-block"
                  disabled={false}
                  href="#"
                  onClick={[Function]}
                  tabIndex={0}
                >
                  <Icon
                    type="plus"
                  >
                    <i
                      className="fa fa-plus fa-fw "
                    />
                  </Icon>
                   
                  Create bookmark
                </a>
              </Button>
            </div>
          </div>
        </div>
      </Group>
    </BookmarkChooser>
  </Connect(BookmarkChooser)>
</Provider>
`;
