exports[`Component > Map > Control renders correctly 1`] = `
<Control
  addIsochroneLayerToMap={[Function]}
  center={
    Object {
      "lat": 38.898,
      "lon": -77.015,
    }
  }
  clearIsochroneResults={[Function]}
  fetchIsochrone={[Function]}
  geocoderApiKey="MAPZEN_SEARCH_KEY"
  isFetchingIsochrone={false}
  isShowingIsochrone={false}
  isochroneCutoff={3600}
  removeIsochroneLayerFromMap={[Function]}
  setIsochroneCutoff={[Function]}
  setIsochroneLatLng={[Function]}>
  <div
    className="MapControl">
    <div
      className="block">
      <a
        onClick={[Function]}
        title="Toggle isochrone">
        <Icon
          type="dot-circle-o">
          <i
            className="fa fa-dot-circle-o fa-fw " />
        </Icon>
      </a>
    </div>
    <a
      className="block"
      onClick={[Function]}
      title="Search for an address">
      <Icon
        type="search">
        <i
          className="fa fa-search fa-fw " />
      </Icon>
    </a>
  </div>
</Control>
`;
