// Jest Snapshot v1, https://goo.gl/fbAQLP

exports[`Component > EditBundle renders correctly 1`] = `
<div>
  <p>
    Bundles are a collection of one or more GTFS feeds that make up the transit layer of a baseline network.
  </p>
  <Group>
    <Button
      block={true}
      onClick={[MockFunction]}
      style="success"
    >
      <Icon
        type="plus"
      />
       Create a bundle
    </Button>
  </Group>
  <p
    className="center"
  >
    or select an existing one
  </p>
  <Group>
    <Select
      arrowRenderer={[Function]}
      autosize={true}
      backspaceRemoves={true}
      backspaceToRemoveMessage="Press backspace to remove {label}"
      clearAllText="Clear all"
      clearRenderer={[Function]}
      clearValueText="Clear value"
      clearable={false}
      closeOnSelect={true}
      deleteRemoves={true}
      delimiter=","
      disabled={false}
      escapeClearsValue={true}
      filterOptions={[Function]}
      ignoreAccents={true}
      ignoreCase={true}
      inputProps={Object {}}
      isLoading={false}
      joinValues={false}
      labelKey="label"
      matchPos="any"
      matchProp="any"
      menuBuffer={0}
      menuRenderer={[Function]}
      multi={false}
      noResultsText="No results found"
      onBlurResetsInput={true}
      onChange={[Function]}
      onCloseResetsInput={true}
      onSelectResetsInput={true}
      openOnClick={true}
      optionComponent={[Function]}
      options={
        Array [
          Object {
            "label": "Mock Bundle",
            "value": "1",
          },
        ]
      }
      pageSize={5}
      placeholder="Select..."
      removeSelected={true}
      required={false}
      rtl={false}
      scrollMenuIntoView={true}
      searchable={true}
      simpleValue={false}
      tabSelectsValue={true}
      trimFilter={true}
      value="1"
      valueComponent={[Function]}
      valueKey="value"
    />
  </Group>
  <div>
    <h5>
      Edit Bundle
    </h5>
    <Text
      label="Bundle Name"
      name="Name"
      onChange={[Function]}
      placeholder="Bundle name"
      value="Mock Bundle"
    />
    <Button
      block={true}
      onClick={[Function]}
      style="success"
      title="Save renamed bundle/feed names"
    >
      <Icon
        type="save"
      />
       
      Save renamed bundle/feed names
    </Button>
    <Button
      block={true}
      onClick={[Function]}
      style="danger"
    >
      <Icon
        type="trash"
      />
       
      Delete this bundle
    </Button>
  </div>
</div>
`;
