// Jest Snapshot v1, https://goo.gl/fbAQLP

exports[`Component > EditScenario renders correctly 1`] = `
<div
  className="panel panel-default"
>
  <div
    className="panel-heading clearfix "
  >
    Create new Project
  </div>
  <div
    className="panel-body"
  >
    <div
      className="form-group"
    >
      <input
        className="form-control"
        id="project-name-input-0"
        name="Project name"
        onChange={[Function]}
        placeholder="Project name"
        type="text"
        value="Mock Scenario"
      />
    </div>
    <p>
      Each project can include scenarios with modifications that are applied to the same GTFS bundle.
    </p>
    <div
      className="form-group"
    >
      <div
        className="Select Select--single is-searchable"
        style={undefined}
      >
        <div
          className="Select-control"
          onKeyDown={[Function]}
          onMouseDown={[Function]}
          onTouchEnd={[Function]}
          onTouchMove={[Function]}
          onTouchStart={[Function]}
          style={undefined}
        >
          <span
            className="Select-multi-value-wrapper"
            id="react-select-2--value"
          >
            <div
              className="Select-placeholder"
            >
              Select a GTFS bundle...
            </div>
          </span>
          <span
            className="Select-arrow-zone"
            onMouseDown={[Function]}
          >
            <span
              className="Select-arrow"
              onMouseDown={[Function]}
            />
          </span>
        </div>
      </div>
    </div>
    <a
      className="btn btn-success btn-block"
      disabled={true}
      href="#"
      onClick={[Function]}
      tabIndex={0}
    >
      Create new Project
    </a>
  </div>
</div>
`;
