// Jest Snapshot v1, https://goo.gl/fbAQLP

exports[`Component > ImportShapefile 1`] = `
<ImportShapefile
  projectId="1"
  regionId="1"
  variants={Array []}
>
  <Stack
    p={4}
    spacing={4}
  >
    <Styled(div)
      __css={
        Object {
          "& > *:not(style) ~ *:not(style)": Object {
            "marginStart": 0,
            "marginTop": 4,
          },
        }
      }
      className="chakra-stack"
      display="flex"
      flexDirection="column"
      p={4}
    >
      <div
        className="chakra-stack css-zcuazw"
      >
        <Heading
          key=".0"
          size="md"
        >
          <Styled(h2)
            __css={
              Object {
                "fontFamily": "heading",
                "fontSize": "xl",
                "fontWeight": "bold",
                "lineHeight": 1.2,
              }
            }
            className="chakra-heading"
          >
            <h2
              className="chakra-heading css-1hm1kf2"
            >
              Route alignments from shapefile
            </h2>
          </Styled(h2)>
        </Heading>
        <FormControl
          key=".1"
        >
          <Styled(div)
            __css={
              Object {
                "position": "relative",
                "width": "100%",
              }
            }
            className="chakra-form-control"
            role="group"
          >
            <div
              className="chakra-form-control css-1kxonj9"
              role="group"
            >
              <FormLabel
                htmlFor="fileInput"
              >
                <Styled(label)
                  __css={
                    Object {
                      "_disabled": Object {
                        "opacity": 0.4,
                      },
                      "display": "block",
                      "fontSize": "md",
                      "fontWeight": "medium",
                      "marginEnd": 3,
                      "mb": 2,
                      "opacity": 1,
                      "textAlign": "start",
                      "transition": "all 0.2s",
                    }
                  }
                  className="chakra-form__label"
                  htmlFor="fileInput"
                  id="field-1-label"
                >
                  <label
                    className="chakra-form__label css-1qqx8g3"
                    htmlFor="fileInput"
                    id="field-1-label"
                  >
                    Select Shapefile (zipped):
                  </label>
                </Styled(label)>
              </FormLabel>
              <Input
                id="fileInput"
                onChange={[Function]}
                type="file"
              >
                <Styled(input)
                  __css={
                    Object {
                      "_disabled": Object {
                        "cursor": "not-allowed",
                        "opacity": 0.4,
                      },
                      "_focus": Object {
                        "borderColor": "#3182ce",
                        "boxShadow": "0 0 0 1px #3182ce",
                        "zIndex": 1,
                      },
                      "_hover": Object {
                        "borderColor": "gray.300",
                      },
                      "_invalid": Object {
                        "borderColor": "#E53E3E",
                        "boxShadow": "0 0 0 1px #E53E3E",
                      },
                      "_readOnly": Object {
                        "boxShadow": "none !important",
                        "userSelect": "all",
                      },
                      "appearance": "none",
                      "bg": "inherit",
                      "border": "1px solid",
                      "borderColor": "inherit",
                      "borderRadius": "md",
                      "fontSize": "md",
                      "h": 10,
                      "minWidth": 0,
                      "outline": 0,
                      "position": "relative",
                      "px": 4,
                      "transition": "all 0.2s",
                      "width": "100%",
                    }
                  }
                  className="chakra-input"
                  disabled={false}
                  id="fileInput"
                  onBlur={[Function]}
                  onChange={[Function]}
                  onFocus={[Function]}
                  readOnly={false}
                  required={false}
                  type="file"
                >
                  <input
                    className="chakra-input css-18q2db8"
                    disabled={false}
                    id="fileInput"
                    onBlur={[Function]}
                    onChange={[Function]}
                    onFocus={[Function]}
                    readOnly={false}
                    required={false}
                    type="file"
                  />
                </Styled(input)>
              </Input>
            </div>
          </Styled(div)>
        </FormControl>
        <Button
          colorScheme="green"
          isDisabled={true}
          isLoading={false}
          key=".4"
          loadingText="Creating modifications..."
          onClick={[Function]}
        >
          <Styled(button)
            __css={
              Object {
                "_active": Object {
                  "bg": "green.700",
                },
                "_disabled": Object {
                  "boxShadow": "none",
                  "cursor": "not-allowed",
                  "opacity": 0.4,
                },
                "_focus": Object {
                  "boxShadow": "outline",
                },
                "_hover": Object {
                  "_disabled": Object {
                    "bg": "green.500",
                  },
                  "bg": "green.600",
                },
                "alignItems": "center",
                "appearance": "none",
                "bg": "green.500",
                "borderRadius": "md",
                "color": "white",
                "display": "inline-flex",
                "fontSize": "md",
                "fontWeight": "semibold",
                "h": 10,
                "justifyContent": "center",
                "lineHeight": "1.2",
                "minW": 10,
                "outline": "none",
                "position": "relative",
                "px": 4,
                "transition": "all 250ms",
                "userSelect": "none",
                "verticalAlign": "middle",
                "whiteSpace": "nowrap",
                "width": "auto",
              }
            }
            className="chakra-button"
            disabled={true}
            onClick={[Function]}
            type="button"
          >
            <button
              className="chakra-button css-ywjnlx"
              disabled={true}
              onClick={[Function]}
              type="button"
            >
              Import
            </button>
          </Styled(button)>
        </Button>
      </div>
    </Styled(div)>
  </Stack>
</ImportShapefile>
`;
