// Jest Snapshot v1, https://goo.gl/fbAQLP

exports[`Component > ImportShapefile 1`] = `
<Connect(ImportShapefile)
  projectId="1"
  regionId="1"
  variants={Array []}
>
  <ImportShapefile
    createModifications={[Function]}
    projectId="1"
    regionId="1"
    variants={Array []}
  >
    <H5>
      <Heading
        as="h5"
        fontSize="14px"
        fontWeight="500"
        my="10px"
      >
        <Box
          as="h5"
          fontFamily="heading"
          fontSize="14px"
          fontWeight="500"
          lineHeight="shorter"
          my="10px"
        >
          <h5
            className="css-1rbv6ep"
          >
            Route alignments from shapefile
          </h5>
        </Box>
      </Heading>
    </H5>
    <File
      label="Select Shapefile (zipped):"
      onChange={[Function]}
    >
      <Group
        id="select-shapefile-zipped-input-0"
        label="Select Shapefile (zipped):"
        onChange={[Function]}
      >
        <div
          className="form-group"
        >
          <label
            className="control-label"
            htmlFor="select-shapefile-zipped-input-0"
          >
            Select Shapefile (zipped):
          </label>
          <Input
            id="select-shapefile-zipped-input-0"
            label="Select Shapefile (zipped):"
            onChange={[Function]}
            type="file"
          >
            <input
              className="form-control"
              id="select-shapefile-zipped-input-0"
              label="Select Shapefile (zipped):"
              onChange={[Function]}
              placeholder="Select Shapefile (zipped):"
              type="file"
            />
          </Input>
        </div>
      </Group>
    </File>
    <Button
      block={true}
      disabled={true}
      onClick={[Function]}
      style="success"
    >
      <a
        className="btn btn-success btn-block"
        disabled={true}
        href="#"
        onClick={[Function]}
        tabIndex={0}
      >
        Import
      </a>
    </Button>
  </ImportShapefile>
</Connect(ImportShapefile)>
`;
