// Jest Snapshot v1, https://goo.gl/fbAQLP

exports[`Component > ImportShapefile renders correctly 1`] = `
<Application>
  <Connect(ProjectTitle) />
  <Dock>
    <h5>
      Route alignments from shapefile
    </h5>
    <File
      label="Select Shapefile (zipped):"
      onChange={[Function]}
    />
    <Button
      block={true}
      disabled={true}
      onClick={[Function]}
      style="success"
    >
      Import
    </Button>
  </Dock>
</Application>
`;
