// Jest Snapshot v1, https://goo.gl/fbAQLP

exports[`Component > Panel Body renders correctly 1`] = `
<Body>
  <Box
    p={4}
  >
    <div
      className="css-2rlxtj"
    >
      Body text
    </div>
  </Box>
</Body>
`;

exports[`Component > Panel Heading renders correctly 1`] = `
<Heading>
  <Flex
    bg="gray.50"
    justify="space-between"
    p={4}
    role="button"
  >
    <Styled(div)
      __css={
        Object {
          "alignItems": undefined,
          "display": "flex",
          "flexBasis": undefined,
          "flexDirection": undefined,
          "flexGrow": undefined,
          "flexShrink": undefined,
          "flexWrap": undefined,
          "justifyContent": "space-between",
        }
      }
      bg="gray.50"
      p={4}
      role="button"
    >
      <div
        className="css-m8bvz0"
        role="button"
      >
        Heading text
      </div>
    </Styled(div)>
  </Flex>
</Heading>
`;

exports[`Component > Panel Panel renders correctly 1`] = `
<Panel>
  <Box
    borderWidth="1px"
    shadow="xs"
  >
    <div
      className="css-1loeamy"
    >
      Panel text
    </div>
  </Box>
</Panel>
`;
