// Jest Snapshot v1, https://goo.gl/fbAQLP

exports[`Component > SelectProject renders correctly 1`] = `
<div
  className="InnerDock"
>
  <div
    className="panel-body"
  >
    <div
      className="WelcomeTitle"
    >
      <p
        style={
          Object {
            "textAlign": "center",
          }
        }
      >
        welcome to
      </p>
      <span
        className="logo"
        to="/"
      >
        conveyal analysis 
      </span>
      <span
        className="badge"
      >
        beta
      </span>
    </div>
    <div
      className="form-group"
    >
      <a
        className="btn btn-success btn-block"
        href="#"
        onClick={[Function]}
        tabIndex={0}
      >
        <i
          className="fa fa-cubes fa-fw "
        />
         
        Create a new Project
      </a>
    </div>
    <div>
      <p
        style={
          Object {
            "textAlign": "center",
          }
        }
      >
        or go to an existing project
      </p>
      <a
        className="BlockLink"
        onClick={[Function]}
        style={Object {}}
        title="Go to Project"
      >
        <i
          className="fa fa-cubes fa-fw "
        />
         
        P1
      </a>
      <a
        className="BlockLink"
        onClick={[Function]}
        style={Object {}}
        title="Go to Project"
      >
        <i
          className="fa fa-cubes fa-fw "
        />
         
        P2
      </a>
    </div>
  </div>
</div>
`;
