exports[`Component > SelectPatterns renders correctly 1`] = `
<SelectPatterns
  onChange={[Function]}
  routePatterns={
    Array [
      Object {
        "name": "mock pattern",
        "pattern_id": 1,
        "trips": Array [],
      },
    ]
  }>
  <Group>
    <div
      className="form-group">
      <Select
        addLabelText="Add \"{label}\"?"
        arrowRenderer={[Function]}
        autosize={true}
        backspaceRemoves={true}
        backspaceToRemoveMessage="Press backspace to remove {label}"
        clearAllText="Clear all"
        clearValueText="Clear value"
        clearable={true}
        delimiter=","
        disabled={false}
        escapeClearsValue={true}
        filterOptions={[Function]}
        ignoreAccents={true}
        ignoreCase={true}
        inputProps={Object {}}
        isLoading={false}
        joinValues={false}
        labelKey="label"
        matchPos="any"
        matchProp="any"
        menuBuffer={0}
        menuRenderer={[Function]}
        multi={true}
        name="Patterns"
        noResultsText="No results found"
        onBlurResetsInput={true}
        onChange={[Function]}
        onCloseResetsInput={true}
        openAfterFocus={false}
        optionComponent={[Function]}
        options={
          Array [
            Object {
              "label": "mock pattern",
              "value": 1,
            },
          ]
        }
        pageSize={5}
        placeholder="Select patterns"
        required={false}
        scrollMenuIntoView={true}
        searchable={true}
        simpleValue={false}
        tabSelectsValue={true}
        value={
          Array [
            1,
          ]
        }
        valueComponent={[Function]}
        valueKey="value">
        <div
          className="Select Select--multi is-searchable has-value">
          <input
            disabled={false}
            name="Patterns"
            type="hidden"
            value="1" />
          <div
            className="Select-control"
            onKeyDown={[Function]}
            onMouseDown={[Function]}
            onTouchEnd={[Function]}
            onTouchMove={[Function]}
            onTouchStart={[Function]}>
            <span
              className="Select-multi-value-wrapper"
              id="react-select-2--value">
              <Value
                disabled={false}
                id="react-select-2--value-0"
                instancePrefix="react-select-2-"
                onClick={null}
                onRemove={[Function]}
                value={
                  Object {
                    "label": "mock pattern",
                    "value": 1,
                  }
                }>
                <div
                  className="Select-value">
                  <span
                    aria-hidden="true"
                    className="Select-value-icon"
                    onMouseDown={[Function]}
                    onTouchEnd={[Function]}
                    onTouchMove={[Function]}
                    onTouchStart={[Function]}>
                    ×
                  </span>
                  <span
                    aria-selected="true"
                    className="Select-value-label"
                    id="react-select-2--value-0"
                    role="option">
                    <span
                      className="Select-aria-only">
                       
                    </span>
                  </span>
                </div>
              </Value>
              <AutosizeInput
                aria-activedescendant="react-select-2--value"
                aria-expanded="false"
                aria-haspopup="false"
                aria-owns=""
                className="Select-input"
                minWidth="5px"
                onBlur={[Function]}
                onChange={[Function]}
                onFocus={[Function]}
                required={false}
                role="combobox"
                value="">
                <div
                  className="Select-input"
                  style={
                    Object {
                      "display": "inline-block",
                    }
                  }>
                  <input
                    aria-activedescendant="react-select-2--value"
                    aria-expanded="false"
                    aria-haspopup="false"
                    aria-owns=""
                    onBlur={[Function]}
                    onChange={[Function]}
                    onFocus={[Function]}
                    required={false}
                    role="combobox"
                    style={
                      Object {
                        "boxSizing": "content-box",
                        "width": "5pxpx",
                      }
                    }
                    value="" />
                  <div
                    style={
                      Object {
                        "height": 0,
                        "left": 0,
                        "overflow": "scroll",
                        "position": "absolute",
                        "top": 0,
                        "visibility": "hidden",
                        "whiteSpace": "pre",
                      }
                    } />
                </div>
              </AutosizeInput>
            </span>
            <span
              aria-label="Clear all"
              className="Select-clear-zone"
              onMouseDown={[Function]}
              onTouchEnd={[Function]}
              onTouchMove={[Function]}
              onTouchStart={[Function]}
              title="Clear all">
              <span
                className="Select-clear"
                dangerouslySetInnerHTML={
                  Object {
                    "__html": "&times;",
                  }
                } />
            </span>
            <span
              className="Select-arrow-zone"
              onMouseDown={[Function]}>
              <span
                className="Select-arrow"
                onMouseDown={[Function]} />
            </span>
          </div>
        </div>
      </Select>
    </div>
  </Group>
</SelectPatterns>
`;
