// Jest Snapshot v1, https://goo.gl/fbAQLP

exports[`Component > VariantEditor renders correctly 1`] = `
<div>
  <div
    className="DockTitle"
  >
    <i
      className="fa fa-clone fa-fw "
    />
     Variants
    <a
      className="pull-right"
      onClick={[Function]}
      tabIndex={0}
      title="Create a new variant"
    >
      <i
        className="fa fa-plus fa-fw "
      />
       Create
    </a>
  </div>
  <div
    className="Variants"
  />
</div>
`;
