// Jest Snapshot v1, https://goo.gl/fbAQLP

exports[`Components > Analysis > Regional > Legend should display 1`] = `
<Legend
  breaks={
    Array [
      1000,
      2000,
      3000,
      4000,
    ]
  }
  colors={
    Array [
      "#111111",
      "#222222",
      "#333333",
      "#444444",
    ]
  }
  min={0}
>
  <ul
    className="Legend"
  >
    <Break
      bottom={0}
      color="#111111"
      top={1000}
    >
      <li
        className="Legend-Item"
        style={
          Object {
            "backgroundColor": "rgb(17, 17, 17)",
            "color": "#fff",
          }
        }
      >
        0
        –
        1,000
      </li>
    </Break>
    <Break
      bottom={1000}
      color="#222222"
      top={2000}
    >
      <li
        className="Legend-Item"
        style={
          Object {
            "backgroundColor": "rgb(34, 34, 34)",
            "color": "#fff",
          }
        }
      >
        1,000
        –
        2,000
      </li>
    </Break>
    <Break
      bottom={2000}
      color="#333333"
      top={3000}
    >
      <li
        className="Legend-Item"
        style={
          Object {
            "backgroundColor": "rgb(51, 51, 51)",
            "color": "#fff",
          }
        }
      >
        2,000
        –
        3,000
      </li>
    </Break>
    <Break
      bottom={3000}
      color="#444444"
      top={4000}
    >
      <li
        className="Legend-Item"
        style={
          Object {
            "backgroundColor": "rgb(68, 68, 68)",
            "color": "#fff",
          }
        }
      >
        3,000
        –
        4,000
      </li>
    </Break>
  </ul>
</Legend>
`;
