// Jest Snapshot v1, https://goo.gl/fbAQLP

exports[`Component ProfileRequestDisplay snapshot(mount) 1`] = `
<ProfileRequestDisplay
  accessModes="WALK"
  bikeSafe={1}
  bikeSlope={1}
  bikeSpeed={4.166666666666667}
  bikeTime={1}
  bounds={
    Object {
      "east": -76,
      "north": 39,
      "south": 38,
      "west": -77,
    }
  }
  bundleId="1"
  date="2016-01-16"
  defaultExpanded={true}
  directModes="WALK"
  egressModes="WALK"
  fromLat={12}
  fromLon={34}
  fromTime={25200}
  maxBikeTime={20}
  maxRides={4}
  maxTripDurationMinutes={60}
  maxWalkTime={20}
  monteCarloDraws={200}
  name="Profile Request Test"
  profileRequest={
    Object {
      "accessModes": "WALK",
      "bikeSafe": 1,
      "bikeSlope": 1,
      "bikeSpeed": 4.166666666666667,
      "bikeTime": 1,
      "bounds": Object {
        "east": -76,
        "north": 39,
        "south": 38,
        "west": -77,
      },
      "bundleId": "1",
      "date": "2016-01-16",
      "defaultExpanded": true,
      "directModes": "WALK",
      "egressModes": "WALK",
      "fromLat": 12,
      "fromLon": 34,
      "fromTime": 25200,
      "maxBikeTime": 20,
      "maxRides": 4,
      "maxTripDurationMinutes": 60,
      "maxWalkTime": 20,
      "monteCarloDraws": 200,
      "name": "Profile Request Test",
      "projectId": "1",
      "reachabilityThreshold": 0,
      "regionId": "1",
      "toTime": 32400,
      "transitModes": "BUS,TRAM,RAIL,SUBWAY",
      "travelTimePercentile": 50,
      "variantIndex": 0,
      "walkSpeed": 1.3888888888888888,
      "workerVersion": "v4.0.0",
    }
  }
  projectId="1"
  reachabilityThreshold={0}
  regionId="1"
  toTime={32400}
  transitModes="BUS,TRAM,RAIL,SUBWAY"
  travelTimePercentile={50}
  variantIndex={0}
  walkSpeed={1.3888888888888888}
  workerVersion="v4.0.0"
>
  <ForwardRef>
    <Flex
      direction="column"
    >
      <Box
        display="flex"
        flexDirection="column"
      >
        <div
          className="css-j7qwjs"
        >
          <Box
            as="table"
            key=".0"
            mb={2}
            style={
              Object {
                "tableLayout": "fixed",
              }
            }
            width="100%"
          >
            <table
              className="css-e7qgrl"
              style={
                Object {
                  "tableLayout": "fixed",
                }
              }
            >
              <tbody>
                <tr>
                  <TDTitle>
                    <Box
                      as="td"
                      fontWeight={600}
                      overflow="hidden"
                      px={4}
                      py={2}
                      style={
                        Object {
                          "textOverflow": "ellipsis",
                        }
                      }
                      textAlign="right"
                      title="Bundle"
                      width="35%"
                    >
                      <td
                        className="css-1lwb3yd"
                        style={
                          Object {
                            "textOverflow": "ellipsis",
                          }
                        }
                        title="Bundle"
                      >
                        Bundle
                      </td>
                    </Box>
                  </TDTitle>
                  <TDValue>
                    <Box
                      as="td"
                      width="65%"
                    >
                      <td
                        className="css-ft9ciy"
                      >
                        <ALink
                          bundleId="1"
                          regionId="1"
                          to="bundleEdit"
                        >
                          <InternalLink
                            bundleId="1"
                            regionId="1"
                            to="bundleEdit"
                          >
                            <Link
                              as="/regions/1/bundles/1"
                              href={
                                Object {
                                  "pathname": "/regions/[regionId]/bundles/[bundleId]",
                                  "query": Object {},
                                }
                              }
                              passHref={true}
                            >
                              <Link
                                _hover={
                                  Object {
                                    "color": "blue.700",
                                  }
                                }
                                className=""
                                color="blue.500"
                                href="/regions/1/bundles/1"
                                onClick={[Function]}
                                onMouseEnter={[Function]}
                              >
                                <PseudoBox
                                  _disabled={
                                    Object {
                                      "cursor": "not-allowed",
                                      "opacity": "0.4",
                                      "textDecoration": "none",
                                    }
                                  }
                                  _focus={
                                    Object {
                                      "boxShadow": "outline",
                                    }
                                  }
                                  _hover={
                                    Object {
                                      "color": "blue.700",
                                    }
                                  }
                                  as="a"
                                  className=""
                                  color="blue.500"
                                  cursor="pointer"
                                  href="/regions/1/bundles/1"
                                  onClick={[Function]}
                                  onMouseEnter={[Function]}
                                  outline="none"
                                  textDecoration="none"
                                  transition="all 0.15s ease-out"
                                >
                                  <a
                                    className=" css-17d37xz"
                                    href="/regions/1/bundles/1"
                                    onClick={[Function]}
                                    onMouseEnter={[Function]}
                                  >
                                    Mock Bundle
                                  </a>
                                </PseudoBox>
                              </Link>
                            </Link>
                          </InternalLink>
                        </ALink>
                      </td>
                    </Box>
                  </TDValue>
                </tr>
                <tr>
                  <TDTitle>
                    <Box
                      as="td"
                      fontWeight={600}
                      overflow="hidden"
                      px={4}
                      py={2}
                      style={
                        Object {
                          "textOverflow": "ellipsis",
                        }
                      }
                      textAlign="right"
                      title="Project"
                      width="35%"
                    >
                      <td
                        className="css-1lwb3yd"
                        style={
                          Object {
                            "textOverflow": "ellipsis",
                          }
                        }
                        title="Project"
                      >
                        Project
                      </td>
                    </Box>
                  </TDTitle>
                  <TDValue>
                    <Box
                      as="td"
                      width="65%"
                    >
                      <td
                        className="css-ft9ciy"
                      >
                        <Tip
                          label="Notice: project may have changed since the analysis was run."
                        >
                          <Tooltip
                            aria-label="Tooltip: Notice: project may have changed since the analysis was run."
                            fontSize="md"
                            hasArrow={true}
                            label="Notice: project may have changed since the analysis was run."
                            zIndex={1500}
                          >
                            <div
                              onBlur={[Function]}
                              onClick={[Function]}
                              onFocus={[Function]}
                              onMouseEnter={[Function]}
                              onMouseLeave={[Function]}
                            >
                              <ALink
                                projectId="1"
                                regionId="1"
                                to="modifications"
                              >
                                <InternalLink
                                  projectId="1"
                                  regionId="1"
                                  to="modifications"
                                >
                                  <Link
                                    as="/regions/1/projects/1/modifications"
                                    href={
                                      Object {
                                        "pathname": "/regions/[regionId]/projects/[projectId]/modifications",
                                        "query": Object {},
                                      }
                                    }
                                    passHref={true}
                                  >
                                    <Link
                                      _hover={
                                        Object {
                                          "color": "blue.700",
                                        }
                                      }
                                      className=""
                                      color="blue.500"
                                      href="/regions/1/projects/1/modifications"
                                      onClick={[Function]}
                                      onMouseEnter={[Function]}
                                    >
                                      <PseudoBox
                                        _disabled={
                                          Object {
                                            "cursor": "not-allowed",
                                            "opacity": "0.4",
                                            "textDecoration": "none",
                                          }
                                        }
                                        _focus={
                                          Object {
                                            "boxShadow": "outline",
                                          }
                                        }
                                        _hover={
                                          Object {
                                            "color": "blue.700",
                                          }
                                        }
                                        as="a"
                                        className=""
                                        color="blue.500"
                                        cursor="pointer"
                                        href="/regions/1/projects/1/modifications"
                                        onClick={[Function]}
                                        onMouseEnter={[Function]}
                                        outline="none"
                                        textDecoration="none"
                                        transition="all 0.15s ease-out"
                                      >
                                        <a
                                          className=" css-17d37xz"
                                          href="/regions/1/projects/1/modifications"
                                          onClick={[Function]}
                                          onMouseEnter={[Function]}
                                        >
                                          Mock Project
                                        </a>
                                      </PseudoBox>
                                    </Link>
                                  </Link>
                                </InternalLink>
                              </ALink>
                            </div>
                            <ForwardRef
                              anchorEl={
                                <div>
                                  <a
                                    class=" css-17d37xz"
                                    href="/regions/1/projects/1/modifications"
                                  >
                                    Mock Project
                                  </a>
                                </div>
                              }
                              arrowSize="10px"
                              bg="gray.700"
                              borderRadius="sm"
                              color="whiteAlpha.900"
                              fontSize="md"
                              fontWeight="medium"
                              hasArrow={true}
                              isOpen={false}
                              maxW="320px"
                              modifiers={
                                Object {
                                  "offset": Object {
                                    "enabled": true,
                                    "offset": "0, 8",
                                  },
                                }
                              }
                              placement="auto"
                              pointerEvents="none"
                              px="8px"
                              py="2px"
                              shadow="md"
                              timeout={200}
                              usePortal={true}
                              zIndex={1500}
                            />
                          </Tooltip>
                        </Tip>
                      </td>
                    </Box>
                  </TDValue>
                </tr>
                <tr>
                  <TDTitle>
                    <Box
                      as="td"
                      fontWeight={600}
                      overflow="hidden"
                      px={4}
                      py={2}
                      style={
                        Object {
                          "textOverflow": "ellipsis",
                        }
                      }
                      textAlign="right"
                      title="Scenario"
                      width="35%"
                    >
                      <td
                        className="css-1lwb3yd"
                        style={
                          Object {
                            "textOverflow": "ellipsis",
                          }
                        }
                        title="Scenario"
                      >
                        Scenario
                      </td>
                    </Box>
                  </TDTitle>
                  <TDValue>
                    <Box
                      as="td"
                      width="65%"
                    >
                      <td
                        className="css-ft9ciy"
                      >
                        Baseline
                      </td>
                    </Box>
                  </TDValue>
                </tr>
                <tr>
                  <TDTitle>
                    <Box
                      as="td"
                      fontWeight={600}
                      overflow="hidden"
                      px={4}
                      py={2}
                      style={
                        Object {
                          "textOverflow": "ellipsis",
                        }
                      }
                      textAlign="right"
                      title="Service Date"
                      width="35%"
                    >
                      <td
                        className="css-1lwb3yd"
                        style={
                          Object {
                            "textOverflow": "ellipsis",
                          }
                        }
                        title="Service Date"
                      >
                        Service Date
                      </td>
                    </Box>
                  </TDTitle>
                  <TDValue>
                    <Box
                      as="td"
                      width="65%"
                    >
                      <td
                        className="css-ft9ciy"
                      >
                        2016-01-16
                      </td>
                    </Box>
                  </TDValue>
                </tr>
                <tr>
                  <TDTitle>
                    <Box
                      as="td"
                      fontWeight={600}
                      overflow="hidden"
                      px={4}
                      py={2}
                      style={
                        Object {
                          "textOverflow": "ellipsis",
                        }
                      }
                      textAlign="right"
                      title="Service Time"
                      width="35%"
                    >
                      <td
                        className="css-1lwb3yd"
                        style={
                          Object {
                            "textOverflow": "ellipsis",
                          }
                        }
                        title="Service Time"
                      >
                        Service Time
                      </td>
                    </Box>
                  </TDTitle>
                  <TDValue>
                    <Box
                      as="td"
                      width="65%"
                    >
                      <td
                        className="css-ft9ciy"
                      >
                        07:00
                        -
                        09:00
                      </td>
                    </Box>
                  </TDValue>
                </tr>
                <tr>
                  <TDTitle>
                    <Box
                      as="td"
                      fontWeight={600}
                      overflow="hidden"
                      px={4}
                      py={2}
                      style={
                        Object {
                          "textOverflow": "ellipsis",
                        }
                      }
                      textAlign="right"
                      title="Modes"
                      width="35%"
                    >
                      <td
                        className="css-1lwb3yd"
                        style={
                          Object {
                            "textOverflow": "ellipsis",
                          }
                        }
                        title="Modes"
                      >
                        Modes
                      </td>
                    </Box>
                  </TDTitle>
                  <TDValue>
                    <Box
                      as="td"
                      width="65%"
                    >
                      <td
                        className="css-ft9ciy"
                      >
                        <ModeSummary
                          accessModes="WALK"
                          color="blue"
                          egressModes="WALK"
                          transitModes="BUS,TRAM,RAIL,SUBWAY"
                        >
                          <ForwardRef
                            align="center"
                            isInline={true}
                            spacing={1}
                          >
                            <Flex
                              align="center"
                              direction="row"
                            >
                              <Box
                                alignItems="center"
                                display="flex"
                                flexDirection="row"
                              >
                                <div
                                  className="css-u4p24i"
                                >
                                  <ModeIconBox
                                    key=".0:$WALK"
                                    mode="WALK"
                                    mr={1}
                                  >
                                    <Box
                                      mr={1}
                                      title="WALK"
                                    >
                                      <div
                                        className="css-1xe59u8"
                                        title="WALK"
                                      >
                                        <ModeIcon
                                          mode="WALK"
                                        >
                                          <Icon
                                            icon={
                                              Object {
                                                "icon": Array [],
                                                "iconName": "walking",
                                                "prefix": "fas",
                                              }
                                            }
                                          >
                                            <FontAwesomeIcon
                                              border={false}
                                              className=""
                                              fixedWidth={true}
                                              flip={null}
                                              icon={
                                                Object {
                                                  "icon": Array [],
                                                  "iconName": "walking",
                                                  "prefix": "fas",
                                                }
                                              }
                                              inverse={false}
                                              listItem={false}
                                              mask={null}
                                              pull={null}
                                              pulse={false}
                                              rotation={null}
                                              size={null}
                                              spin={false}
                                              swapOpacity={false}
                                              symbol={false}
                                              title=""
                                              transform={null}
                                            >
                                              <svg
                                                aria-hidden="true"
                                                className="svg-inline--fa fa-walking fa-w-NaN fa-fw "
                                                data-icon="walking"
                                                data-prefix="fas"
                                                focusable="false"
                                                role="img"
                                                style={Object {}}
                                                viewBox="0 0 undefined undefined"
                                                xmlns="http://www.w3.org/2000/svg"
                                              >
                                                <path
                                                  fill="currentColor"
                                                  style={Object {}}
                                                />
                                              </svg>
                                            </FontAwesomeIcon>
                                          </Icon>
                                        </ModeIcon>
                                      </div>
                                    </Box>
                                  </ModeIconBox>
                                  <Tip
                                    key=".1"
                                    label="BUS, TRAM, RAIL, SUBWAY"
                                    mr={null}
                                  >
                                    <Tooltip
                                      aria-label="Tooltip: BUS, TRAM, RAIL, SUBWAY"
                                      fontSize="md"
                                      hasArrow={true}
                                      label="BUS, TRAM, RAIL, SUBWAY"
                                      mr={null}
                                      zIndex={1500}
                                    >
                                      <ForwardRef
                                        align="center"
                                        isInline={true}
                                        onBlur={[Function]}
                                        onClick={[Function]}
                                        onFocus={[Function]}
                                        onMouseEnter={[Function]}
                                        onMouseLeave={[Function]}
                                        spacing={1}
                                      >
                                        <Flex
                                          align="center"
                                          direction="row"
                                          onBlur={[Function]}
                                          onClick={[Function]}
                                          onFocus={[Function]}
                                          onMouseEnter={[Function]}
                                          onMouseLeave={[Function]}
                                        >
                                          <Box
                                            alignItems="center"
                                            display="flex"
                                            flexDirection="row"
                                            onBlur={[Function]}
                                            onClick={[Function]}
                                            onFocus={[Function]}
                                            onMouseEnter={[Function]}
                                            onMouseLeave={[Function]}
                                          >
                                            <div
                                              className="css-u4p24i"
                                              onBlur={[Function]}
                                              onClick={[Function]}
                                              onFocus={[Function]}
                                              onMouseEnter={[Function]}
                                              onMouseLeave={[Function]}
                                            >
                                              <Box
                                                color="blue.500"
                                                fontSize="xs"
                                                key=".0"
                                                mr={1}
                                              >
                                                <div
                                                  className="css-1cg4qip"
                                                >
                                                  <Icon
                                                    icon={
                                                      Object {
                                                        "icon": Array [],
                                                        "iconName": "chevron-right",
                                                        "prefix": "fas",
                                                      }
                                                    }
                                                  >
                                                    <FontAwesomeIcon
                                                      border={false}
                                                      className=""
                                                      fixedWidth={true}
                                                      flip={null}
                                                      icon={
                                                        Object {
                                                          "icon": Array [],
                                                          "iconName": "chevron-right",
                                                          "prefix": "fas",
                                                        }
                                                      }
                                                      inverse={false}
                                                      listItem={false}
                                                      mask={null}
                                                      pull={null}
                                                      pulse={false}
                                                      rotation={null}
                                                      size={null}
                                                      spin={false}
                                                      swapOpacity={false}
                                                      symbol={false}
                                                      title=""
                                                      transform={null}
                                                    >
                                                      <svg
                                                        aria-hidden="true"
                                                        className="svg-inline--fa fa-chevron-right fa-w-NaN fa-fw "
                                                        data-icon="chevron-right"
                                                        data-prefix="fas"
                                                        focusable="false"
                                                        role="img"
                                                        style={Object {}}
                                                        viewBox="0 0 undefined undefined"
                                                        xmlns="http://www.w3.org/2000/svg"
                                                      >
                                                        <path
                                                          fill="currentColor"
                                                          style={Object {}}
                                                        />
                                                      </svg>
                                                    </FontAwesomeIcon>
                                                  </Icon>
                                                </div>
                                              </Box>
                                              <ModeIconBox
                                                key=".1:$BUS"
                                                mode="BUS"
                                                mr={1}
                                              >
                                                <Box
                                                  mr={1}
                                                  title="BUS"
                                                >
                                                  <div
                                                    className="css-1xe59u8"
                                                    title="BUS"
                                                  >
                                                    <ModeIcon
                                                      mode="BUS"
                                                    >
                                                      <Icon
                                                        icon={
                                                          Object {
                                                            "icon": Array [],
                                                            "iconName": "bus",
                                                            "prefix": "fas",
                                                          }
                                                        }
                                                      >
                                                        <FontAwesomeIcon
                                                          border={false}
                                                          className=""
                                                          fixedWidth={true}
                                                          flip={null}
                                                          icon={
                                                            Object {
                                                              "icon": Array [],
                                                              "iconName": "bus",
                                                              "prefix": "fas",
                                                            }
                                                          }
                                                          inverse={false}
                                                          listItem={false}
                                                          mask={null}
                                                          pull={null}
                                                          pulse={false}
                                                          rotation={null}
                                                          size={null}
                                                          spin={false}
                                                          swapOpacity={false}
                                                          symbol={false}
                                                          title=""
                                                          transform={null}
                                                        >
                                                          <svg
                                                            aria-hidden="true"
                                                            className="svg-inline--fa fa-bus fa-w-NaN fa-fw "
                                                            data-icon="bus"
                                                            data-prefix="fas"
                                                            focusable="false"
                                                            role="img"
                                                            style={Object {}}
                                                            viewBox="0 0 undefined undefined"
                                                            xmlns="http://www.w3.org/2000/svg"
                                                          >
                                                            <path
                                                              fill="currentColor"
                                                              style={Object {}}
                                                            />
                                                          </svg>
                                                        </FontAwesomeIcon>
                                                      </Icon>
                                                    </ModeIcon>
                                                  </div>
                                                </Box>
                                              </ModeIconBox>
                                              <ModeIconBox
                                                key=".1:$TRAM"
                                                mode="TRAM"
                                                mr={1}
                                              >
                                                <Box
                                                  mr={1}
                                                  title="TRAM"
                                                >
                                                  <div
                                                    className="css-1xe59u8"
                                                    title="TRAM"
                                                  >
                                                    <ModeIcon
                                                      mode="TRAM"
                                                    >
                                                      <Letter>
                                                        <Text
                                                          fontFamily="mono"
                                                          fontSize="14px"
                                                          fontWeight={600}
                                                          height="17px"
                                                          lineHeight="1.5rem"
                                                          textAlign="center"
                                                          width="15px"
                                                        >
                                                          <Box
                                                            as="p"
                                                            fontFamily="mono"
                                                            fontSize="14px"
                                                            fontWeight={600}
                                                            height="17px"
                                                            lineHeight="1.5rem"
                                                            textAlign="center"
                                                            width="15px"
                                                          >
                                                            <p
                                                              className="css-1q2wprf"
                                                            >
                                                              T
                                                            </p>
                                                          </Box>
                                                        </Text>
                                                      </Letter>
                                                    </ModeIcon>
                                                  </div>
                                                </Box>
                                              </ModeIconBox>
                                              <ModeIconBox
                                                key=".1:$RAIL"
                                                mode="RAIL"
                                                mr={1}
                                              >
                                                <Box
                                                  mr={1}
                                                  title="RAIL"
                                                >
                                                  <div
                                                    className="css-1xe59u8"
                                                    title="RAIL"
                                                  >
                                                    <ModeIcon
                                                      mode="RAIL"
                                                    >
                                                      <Icon
                                                        icon={
                                                          Object {
                                                            "icon": Array [],
                                                            "iconName": "train",
                                                            "prefix": "fas",
                                                          }
                                                        }
                                                      >
                                                        <FontAwesomeIcon
                                                          border={false}
                                                          className=""
                                                          fixedWidth={true}
                                                          flip={null}
                                                          icon={
                                                            Object {
                                                              "icon": Array [],
                                                              "iconName": "train",
                                                              "prefix": "fas",
                                                            }
                                                          }
                                                          inverse={false}
                                                          listItem={false}
                                                          mask={null}
                                                          pull={null}
                                                          pulse={false}
                                                          rotation={null}
                                                          size={null}
                                                          spin={false}
                                                          swapOpacity={false}
                                                          symbol={false}
                                                          title=""
                                                          transform={null}
                                                        >
                                                          <svg
                                                            aria-hidden="true"
                                                            className="svg-inline--fa fa-train fa-w-NaN fa-fw "
                                                            data-icon="train"
                                                            data-prefix="fas"
                                                            focusable="false"
                                                            role="img"
                                                            style={Object {}}
                                                            viewBox="0 0 undefined undefined"
                                                            xmlns="http://www.w3.org/2000/svg"
                                                          >
                                                            <path
                                                              fill="currentColor"
                                                              style={Object {}}
                                                            />
                                                          </svg>
                                                        </FontAwesomeIcon>
                                                      </Icon>
                                                    </ModeIcon>
                                                  </div>
                                                </Box>
                                              </ModeIconBox>
                                              <ModeIconBox
                                                key=".1:$SUBWAY"
                                                mode="SUBWAY"
                                                mr={null}
                                              >
                                                <Box
                                                  mr={null}
                                                  title="SUBWAY"
                                                >
                                                  <div
                                                    className="css-0"
                                                    title="SUBWAY"
                                                  >
                                                    <ModeIcon
                                                      mode="SUBWAY"
                                                    >
                                                      <Icon
                                                        icon={
                                                          Object {
                                                            "icon": Array [],
                                                            "iconName": "subway",
                                                            "prefix": "fas",
                                                          }
                                                        }
                                                      >
                                                        <FontAwesomeIcon
                                                          border={false}
                                                          className=""
                                                          fixedWidth={true}
                                                          flip={null}
                                                          icon={
                                                            Object {
                                                              "icon": Array [],
                                                              "iconName": "subway",
                                                              "prefix": "fas",
                                                            }
                                                          }
                                                          inverse={false}
                                                          listItem={false}
                                                          mask={null}
                                                          pull={null}
                                                          pulse={false}
                                                          rotation={null}
                                                          size={null}
                                                          spin={false}
                                                          swapOpacity={false}
                                                          symbol={false}
                                                          title=""
                                                          transform={null}
                                                        >
                                                          <svg
                                                            aria-hidden="true"
                                                            className="svg-inline--fa fa-subway fa-w-NaN fa-fw "
                                                            data-icon="subway"
                                                            data-prefix="fas"
                                                            focusable="false"
                                                            role="img"
                                                            style={Object {}}
                                                            viewBox="0 0 undefined undefined"
                                                            xmlns="http://www.w3.org/2000/svg"
                                                          >
                                                            <path
                                                              fill="currentColor"
                                                              style={Object {}}
                                                            />
                                                          </svg>
                                                        </FontAwesomeIcon>
                                                      </Icon>
                                                    </ModeIcon>
                                                  </div>
                                                </Box>
                                              </ModeIconBox>
                                            </div>
                                          </Box>
                                        </Flex>
                                      </ForwardRef>
                                      <ForwardRef
                                        anchorEl={
                                          <div
                                            class="css-u4p24i"
                                          >
                                            <div
                                              class="css-1cg4qip"
                                            >
                                              <svg
                                                aria-hidden="true"
                                                class="svg-inline--fa fa-chevron-right fa-w-NaN fa-fw "
                                                data-icon="chevron-right"
                                                data-prefix="fas"
                                                focusable="false"
                                                role="img"
                                                viewBox="0 0 undefined undefined"
                                                xmlns="http://www.w3.org/2000/svg"
                                              >
                                                <path
                                                  fill="currentColor"
                                                />
                                              </svg>
                                            </div>
                                            <div
                                              class="css-1xe59u8"
                                              title="BUS"
                                            >
                                              <svg
                                                aria-hidden="true"
                                                class="svg-inline--fa fa-bus fa-w-NaN fa-fw "
                                                data-icon="bus"
                                                data-prefix="fas"
                                                focusable="false"
                                                role="img"
                                                viewBox="0 0 undefined undefined"
                                                xmlns="http://www.w3.org/2000/svg"
                                              >
                                                <path
                                                  fill="currentColor"
                                                />
                                              </svg>
                                            </div>
                                            <div
                                              class="css-1xe59u8"
                                              title="TRAM"
                                            >
                                              <p
                                                class="css-1q2wprf"
                                              >
                                                T
                                              </p>
                                            </div>
                                            <div
                                              class="css-1xe59u8"
                                              title="RAIL"
                                            >
                                              <svg
                                                aria-hidden="true"
                                                class="svg-inline--fa fa-train fa-w-NaN fa-fw "
                                                data-icon="train"
                                                data-prefix="fas"
                                                focusable="false"
                                                role="img"
                                                viewBox="0 0 undefined undefined"
                                                xmlns="http://www.w3.org/2000/svg"
                                              >
                                                <path
                                                  fill="currentColor"
                                                />
                                              </svg>
                                            </div>
                                            <div
                                              class="css-0"
                                              title="SUBWAY"
                                            >
                                              <svg
                                                aria-hidden="true"
                                                class="svg-inline--fa fa-subway fa-w-NaN fa-fw "
                                                data-icon="subway"
                                                data-prefix="fas"
                                                focusable="false"
                                                role="img"
                                                viewBox="0 0 undefined undefined"
                                                xmlns="http://www.w3.org/2000/svg"
                                              >
                                                <path
                                                  fill="currentColor"
                                                />
                                              </svg>
                                            </div>
                                          </div>
                                        }
                                        arrowSize="10px"
                                        bg="gray.700"
                                        borderRadius="sm"
                                        color="whiteAlpha.900"
                                        fontSize="md"
                                        fontWeight="medium"
                                        hasArrow={true}
                                        isOpen={false}
                                        maxW="320px"
                                        modifiers={
                                          Object {
                                            "offset": Object {
                                              "enabled": true,
                                              "offset": "0, 8",
                                            },
                                          }
                                        }
                                        mr={null}
                                        placement="auto"
                                        pointerEvents="none"
                                        px="8px"
                                        py="2px"
                                        shadow="md"
                                        timeout={200}
                                        usePortal={true}
                                        zIndex={1500}
                                      />
                                    </Tooltip>
                                  </Tip>
                                </div>
                              </Box>
                            </Flex>
                          </ForwardRef>
                        </ModeSummary>
                      </td>
                    </Box>
                  </TDValue>
                </tr>
                <tr>
                  <td
                    colSpan={2}
                  />
                </tr>
              </tbody>
            </table>
          </Box>
          <Box
            borderBottom="1px solid #E2E8F0"
            key=".1"
            mb={null}
          >
            <div
              className="css-p9uae9"
            >
              <Button
                _focus={
                  Object {
                    "outline": "none",
                  }
                }
                borderRadius="0"
                onClick={[Function]}
                size="sm"
                title="expand"
                variant="ghost"
                variantColor="blue"
                width="100%"
              >
                <PseudoBox
                  _active={
                    Object {
                      "bg": "blue.100",
                    }
                  }
                  _disabled={
                    Object {
                      "boxShadow": "none",
                      "cursor": "not-allowed",
                      "opacity": "40%",
                    }
                  }
                  _focus={
                    Object {
                      "outline": "none",
                    }
                  }
                  _hover={
                    Object {
                      "bg": "blue.50",
                    }
                  }
                  alignItems="center"
                  appearance="none"
                  as="button"
                  bg="transparent"
                  borderRadius="0"
                  color="blue.500"
                  display="inline-flex"
                  fontSize="sm"
                  fontWeight="semibold"
                  height={8}
                  justifyContent="center"
                  lineHeight="1.2"
                  minWidth={8}
                  onClick={[Function]}
                  outline="none"
                  position="relative"
                  px={3}
                  title="expand"
                  transition="all 250ms"
                  type="button"
                  userSelect="none"
                  verticalAlign="middle"
                  whiteSpace="nowrap"
                  width="100%"
                >
                  <button
                    className="css-1v5ra87"
                    onClick={[Function]}
                    title="expand"
                    type="button"
                  >
                    <Icon
                      icon={
                        Object {
                          "icon": Array [],
                          "iconName": "chevron-down",
                          "prefix": "fas",
                        }
                      }
                    >
                      <FontAwesomeIcon
                        border={false}
                        className=""
                        fixedWidth={true}
                        flip={null}
                        icon={
                          Object {
                            "icon": Array [],
                            "iconName": "chevron-down",
                            "prefix": "fas",
                          }
                        }
                        inverse={false}
                        listItem={false}
                        mask={null}
                        pull={null}
                        pulse={false}
                        rotation={null}
                        size={null}
                        spin={false}
                        swapOpacity={false}
                        symbol={false}
                        title=""
                        transform={null}
                      >
                        <svg
                          aria-hidden="true"
                          className="svg-inline--fa fa-chevron-down fa-w-NaN fa-fw "
                          data-icon="chevron-down"
                          data-prefix="fas"
                          focusable="false"
                          role="img"
                          style={Object {}}
                          viewBox="0 0 undefined undefined"
                          xmlns="http://www.w3.org/2000/svg"
                        >
                          <path
                            fill="currentColor"
                            style={Object {}}
                          />
                        </svg>
                      </FontAwesomeIcon>
                    </Icon>
                  </button>
                </PseudoBox>
              </Button>
            </div>
          </Box>
        </div>
      </Box>
    </Flex>
  </ForwardRef>
</ProfileRequestDisplay>
`;
