// Jest Snapshot v1, https://goo.gl/fbAQLP

exports[`Components > Analysis > Regional Analysis Selector renders correctly 1`] = `
<ul
  className="list-group"
>
  <li
    className="list-group-item"
  >
    <a
      aria-label="Open regional analysis"
      onClick={[Function]}
      tabIndex={0}
      title="Open regional analysis"
    >
      ANALYSIS 1
    </a>
  </li>
  <li
    className="list-group-item"
  >
    <a
      aria-label="Open regional analysis"
      onClick={[Function]}
      tabIndex={0}
      title="Open regional analysis"
    >
      ANALYSIS 2
    </a>
  </li>
</ul>
`;
