exports[`Components > Analysis > Regional Analysis Selector renders a comparison correctly 1`] = `
<ul
  className="list-group">
  <li
    className="list-group-item">
    ANALYSIS 1
    <a
      className="pull-right"
      onClick={[Function]}
      title={undefined}>
      <i
        className="fa fa-arrow-right fa-fw " />
    </a>
  </li>
  <li
    className="list-group-item">
    ANALYSIS 2
    <a
      className="pull-right"
      onClick={[Function]}
      title={undefined}>
      <i
        className="fa fa-arrow-right fa-fw " />
    </a>
  </li>
</ul>
`;

exports[`Components > Analysis > Regional Analysis Selector renders a comparison selection correctly 1`] = `
<ul
  className="list-group">
  <li
    className="list-group-item">
    ANALYSIS 1
    <a
      className="pull-right"
      onClick={[Function]}
      title={undefined}>
      <i
        className="fa fa-arrow-right fa-fw " />
    </a>
  </li>
  <li
    className="list-group-item">
    ANALYSIS 2
    <a
      className="pull-right"
      onClick={[Function]}
      title={undefined}>
      <i
        className="fa fa-arrow-right fa-fw " />
    </a>
  </li>
</ul>
`;

exports[`Components > Analysis > Regional Analysis Selector renders correctly 1`] = `
<ul
  className="list-group">
  <li
    className="list-group-item">
    ANALYSIS 1
    <a
      className="pull-right"
      onClick={[Function]}
      title={undefined}>
      <i
        className="fa fa-arrow-right fa-fw " />
    </a>
  </li>
  <li
    className="list-group-item">
    ANALYSIS 2
    <a
      className="pull-right"
      onClick={[Function]}
      title={undefined}>
      <i
        className="fa fa-arrow-right fa-fw " />
    </a>
  </li>
</ul>
`;

exports[`Components > Analysis > Regional renders a comparison correctly 1`] = `
<ul
  className="list-group">
  <li
    className="list-group-item">
    ANALYSIS 1
    <a
      className="pull-right"
      onClick={[Function]}
      title={undefined}>
      <i
        className="fa fa-arrow-right fa-fw " />
    </a>
  </li>
  <li
    className="list-group-item">
    ANALYSIS 2
    <a
      className="pull-right"
      onClick={[Function]}
      title={undefined}>
      <i
        className="fa fa-arrow-right fa-fw " />
    </a>
  </li>
</ul>
`;

exports[`Components > Analysis > Regional renders a comparison selection correctly 1`] = `
<ul
  className="list-group">
  <li
    className="list-group-item">
    ANALYSIS 1
    <a
      className="pull-right"
      onClick={[Function]}
      title={undefined}>
      <i
        className="fa fa-arrow-right fa-fw " />
    </a>
  </li>
  <li
    className="list-group-item">
    ANALYSIS 2
    <a
      className="pull-right"
      onClick={[Function]}
      title={undefined}>
      <i
        className="fa fa-arrow-right fa-fw " />
    </a>
  </li>
</ul>
`;

exports[`Components > Analysis > Regional renders correctly 1`] = `
<ul
  className="list-group">
  <li
    className="list-group-item">
    ANALYSIS 1
    <a
      className="pull-right"
      onClick={[Function]}
      title={undefined}>
      <i
        className="fa fa-arrow-right fa-fw " />
    </a>
  </li>
  <li
    className="list-group-item">
    ANALYSIS 2
    <a
      className="pull-right"
      onClick={[Function]}
      title={undefined}>
      <i
        className="fa fa-arrow-right fa-fw " />
    </a>
  </li>
</ul>
`;
