// Jest Snapshot v1, https://goo.gl/fbAQLP

exports[`Report > AddTrips renders correctly 1`] = `
<div>
  <div
    style={
      Object {
        "height": 200,
        "width": 720,
      }
    }
  >
    <div>
      <g
        data-props={
          Object {
            "icon": undefined,
            "position": Object {
              "autoCreated": true,
              "distanceFromStart": 0,
              "index": 0,
              "lat": 36.9707,
              "lon": -122.0246,
              "stopId": "1",
            },
          }
        }
        type="Marker"
      />
      <g
        data-props={
          Object {
            "icon": undefined,
            "position": Object {
              "autoCreated": true,
              "distanceFromStart": 3000,
              "index": 0,
              "lat": 36.99765592006801,
              "lon": -122.02573607325958,
              "stopId": undefined,
            },
          }
        }
        type="Marker"
      />
      <g
        data-props={
          Object {
            "icon": undefined,
            "position": Object {
              "autoCreated": true,
              "distanceFromStart": 6000,
              "index": 0,
              "lat": 37.02461184013602,
              "lon": -122.02687214651915,
              "stopId": undefined,
            },
          }
        }
        type="Marker"
      />
      <g
        data-props={
          Object {
            "icon": undefined,
            "position": Object {
              "autoCreated": true,
              "distanceFromStart": 9000,
              "index": 0,
              "lat": 37.05151359890414,
              "lon": -122.02723304175015,
              "stopId": undefined,
            },
          }
        }
        type="Marker"
      />
      <g
        data-props={
          Object {
            "icon": undefined,
            "position": Object {
              "autoCreated": true,
              "distanceFromStart": 12000,
              "index": 0,
              "lat": 37.07790094264308,
              "lon": -122.02023142483766,
              "stopId": undefined,
            },
          }
        }
        type="Marker"
      />
      <g
        data-props={
          Object {
            "icon": undefined,
            "position": Object {
              "autoCreated": true,
              "distanceFromStart": 15000,
              "index": 0,
              "lat": 37.10428828638203,
              "lon": -122.01322980792517,
              "stopId": undefined,
            },
          }
        }
        type="Marker"
      />
      <g
        data-props={
          Object {
            "icon": undefined,
            "position": Object {
              "autoCreated": true,
              "distanceFromStart": 18000,
              "index": 0,
              "lat": 37.13067563012098,
              "lon": -122.00622819101268,
              "stopId": undefined,
            },
          }
        }
        type="Marker"
      />
      <g
        data-props={
          Object {
            "icon": undefined,
            "position": Object {
              "autoCreated": true,
              "distanceFromStart": 21000,
              "index": 0,
              "lat": 37.15706297385993,
              "lon": -121.99922657410019,
              "stopId": undefined,
            },
          }
        }
        type="Marker"
      />
      <g
        data-props={
          Object {
            "icon": undefined,
            "position": Object {
              "autoCreated": true,
              "distanceFromStart": 24000,
              "index": 0,
              "lat": 37.183450317598876,
              "lon": -121.9922249571877,
              "stopId": undefined,
            },
          }
        }
        type="Marker"
      />
      <g
        data-props={
          Object {
            "icon": undefined,
            "position": Object {
              "autoCreated": true,
              "distanceFromStart": 27000,
              "index": 0,
              "lat": 37.20983766133782,
              "lon": -121.98522334027521,
              "stopId": undefined,
            },
          }
        }
        type="Marker"
      />
      <g
        data-props={
          Object {
            "icon": undefined,
            "position": Object {
              "autoCreated": true,
              "distanceFromStart": 30000,
              "index": 0,
              "lat": 37.23609341419046,
              "lon": -121.97757006522484,
              "stopId": undefined,
            },
          }
        }
        type="Marker"
      />
      <g
        data-props={
          Object {
            "icon": undefined,
            "position": Object {
              "autoCreated": true,
              "distanceFromStart": 33000,
              "index": 0,
              "lat": 37.261931772765294,
              "lon": -121.96784979005429,
              "stopId": undefined,
            },
          }
        }
        type="Marker"
      />
      <g
        data-props={
          Object {
            "icon": undefined,
            "position": Object {
              "autoCreated": true,
              "distanceFromStart": 36000,
              "index": 0,
              "lat": 37.28777013134013,
              "lon": -121.95812951488374,
              "stopId": undefined,
            },
          }
        }
        type="Marker"
      />
      <g
        data-props={
          Object {
            "icon": undefined,
            "position": Object {
              "autoCreated": true,
              "distanceFromStart": 39000,
              "index": 0,
              "lat": 37.31360848991497,
              "lon": -121.94840923971319,
              "stopId": undefined,
            },
          }
        }
        type="Marker"
      />
      <g
        data-props={
          Object {
            "icon": undefined,
            "position": Object {
              "autoCreated": true,
              "distanceFromStart": 42000,
              "index": 0,
              "lat": 37.339703323688006,
              "lon": -121.93989730167766,
              "stopId": undefined,
            },
          }
        }
        type="Marker"
      />
      <g
        data-props={
          Object {
            "icon": undefined,
            "position": Object {
              "autoCreated": true,
              "distanceFromStart": 45000,
              "index": 0,
              "lat": 37.36342593800434,
              "lon": -121.92557406199568,
              "stopId": undefined,
            },
          }
        }
        type="Marker"
      />
      <g
        data-props={
          Object {
            "icon": undefined,
            "position": Object {
              "autoCreated": true,
              "distanceFromStart": 48000,
              "index": 1,
              "lat": 36.99564632992065,
              "lon": -122.02565137788937,
              "stopId": undefined,
            },
          }
        }
        type="Marker"
      />
      <g
        data-props={
          Object {
            "icon": undefined,
            "position": Object {
              "autoCreated": true,
              "distanceFromStart": 51000,
              "index": 1,
              "lat": 37.02260224998866,
              "lon": -122.02678745114895,
              "stopId": undefined,
            },
          }
        }
        type="Marker"
      />
      <g
        data-props={
          Object {
            "icon": undefined,
            "position": Object {
              "autoCreated": true,
              "distanceFromStart": 54000,
              "index": 1,
              "lat": 37.04954639667698,
              "lon": -122.02775501912386,
              "stopId": undefined,
            },
          }
        }
        type="Marker"
      />
      <g
        data-props={
          Object {
            "icon": undefined,
            "position": Object {
              "autoCreated": true,
              "distanceFromStart": 57000,
              "index": 1,
              "lat": 37.07593374041593,
              "lon": -122.02075340221137,
              "stopId": undefined,
            },
          }
        }
        type="Marker"
      />
      <g
        data-props={
          Object {
            "icon": undefined,
            "position": Object {
              "autoCreated": true,
              "distanceFromStart": 60000,
              "index": 1,
              "lat": 37.10232108415488,
              "lon": -122.01375178529888,
              "stopId": undefined,
            },
          }
        }
        type="Marker"
      />
      <g
        data-props={
          Object {
            "icon": undefined,
            "position": Object {
              "autoCreated": true,
              "distanceFromStart": 63000,
              "index": 1,
              "lat": 37.12870842789383,
              "lon": -122.00675016838639,
              "stopId": undefined,
            },
          }
        }
        type="Marker"
      />
      <g
        data-props={
          Object {
            "icon": undefined,
            "position": Object {
              "autoCreated": true,
              "distanceFromStart": 66000,
              "index": 1,
              "lat": 37.15509577163277,
              "lon": -121.99974855147389,
              "stopId": undefined,
            },
          }
        }
        type="Marker"
      />
      <g
        data-props={
          Object {
            "icon": undefined,
            "position": Object {
              "autoCreated": true,
              "distanceFromStart": 69000,
              "index": 1,
              "lat": 37.18148311537173,
              "lon": -121.9927469345614,
              "stopId": undefined,
            },
          }
        }
        type="Marker"
      />
      <g
        data-props={
          Object {
            "icon": undefined,
            "position": Object {
              "autoCreated": true,
              "distanceFromStart": 72000,
              "index": 1,
              "lat": 37.20787045911067,
              "lon": -121.9857453176489,
              "stopId": undefined,
            },
          }
        }
        type="Marker"
      />
      <g
        data-props={
          Object {
            "icon": undefined,
            "position": Object {
              "autoCreated": true,
              "distanceFromStart": 75000,
              "index": 1,
              "lat": 37.23416713934304,
              "lon": -121.97829472122483,
              "stopId": undefined,
            },
          }
        }
        type="Marker"
      />
      <g
        data-props={
          Object {
            "icon": undefined,
            "position": Object {
              "autoCreated": true,
              "distanceFromStart": 78000,
              "index": 1,
              "lat": 37.26000549791788,
              "lon": -121.96857444605428,
              "stopId": undefined,
            },
          }
        }
        type="Marker"
      />
      <g
        data-props={
          Object {
            "icon": undefined,
            "position": Object {
              "autoCreated": true,
              "distanceFromStart": 81000,
              "index": 1,
              "lat": 37.28584385649272,
              "lon": -121.95885417088373,
              "stopId": undefined,
            },
          }
        }
        type="Marker"
      />
      <g
        data-props={
          Object {
            "icon": undefined,
            "position": Object {
              "autoCreated": true,
              "distanceFromStart": 84000,
              "index": 1,
              "lat": 37.311682215067556,
              "lon": -121.94913389571316,
              "stopId": undefined,
            },
          }
        }
        type="Marker"
      />
      <g
        data-props={
          Object {
            "icon": undefined,
            "position": Object {
              "autoCreated": true,
              "distanceFromStart": 87000,
              "index": 1,
              "lat": 37.33774506550602,
              "lon": -121.94047127390341,
              "stopId": undefined,
            },
          }
        }
        type="Marker"
      />
      <g
        data-props={
          Object {
            "icon": undefined,
            "position": Object {
              "autoCreated": true,
              "distanceFromStart": 90000,
              "index": 1,
              "lat": 37.36185187600867,
              "lon": -121.92714812399133,
              "stopId": undefined,
            },
          }
        }
        type="Marker"
      />
    </div>
  </div>
  <i>
    <span>
      90.4 km (56.2 mi)
    </span>
    ,
     
    unidirectional
  </i>
  <table
    className="table table-striped"
  >
    <thead>
      <tr>
        <th>
          Name
        </th>
        <th>
          Start time
        </th>
        <th>
          End time
        </th>
        <th>
          Frequency
        </th>
        <th>
          Speed
        </th>
        <th>
          Days of service
        </th>
        <th>
          Number of trips
        </th>
      </tr>
    </thead>
    <tbody>
      <tr>
        <td>
          Test timetable
        </td>
        <td>
          08:00
        </td>
        <td>
          16:00
        </td>
        <td>
          15
        </td>
        <td>
          <span>
            0 km/h (0 mph)
          </span>
        </td>
        <td>
          <span>
            <span
              aria-hidden={false}
              className="DaysOfService-active"
            >
              Mo
            </span>
             
            <span
              aria-hidden={false}
              className="DaysOfService-active"
            >
              Tu
            </span>
             
            <span
              aria-hidden={false}
              className="DaysOfService-active"
            >
              We
            </span>
             
            <span
              aria-hidden={false}
              className="DaysOfService-active"
            >
              Th
            </span>
             
            <span
              aria-hidden={false}
              className="DaysOfService-active"
            >
              Fr
            </span>
             
            <span
              aria-hidden={true}
              className="DaysOfService-inactive"
            >
              Sa
            </span>
             
            <span
              aria-hidden={true}
              className="DaysOfService-inactive"
            >
              Su
            </span>
          </span>
        </td>
        <td>
          32
        </td>
      </tr>
    </tbody>
  </table>
</div>
`;
