// Jest Snapshot v1, https://goo.gl/fbAQLP

exports[`Report > MiniMap renders correctly 1`] = `
<div>
  <div
    className="MiniMap-northArrow"
  >
    <i
      className="fa fa-arrow-up"
    />
     
    N
  </div>
  <div
    style={
      Object {
        "height": 200,
        "width": 720,
      }
    }
  >
    <div
      className={undefined}
      id={undefined}
      style={undefined}
    />
  </div>
</div>
`;
